---
http_interactions:
- request:
    method: post
    uri: https://api.iterable.com/api/catalogs/example-catalog?api_key=<ITERABLE_TOKEN>
    body:
      encoding: UTF-8
      string: "{}"
    headers:
      Accept:
      - application/json
      Content-Type:
      - application/json
      Accept-Encoding:
      - gzip;q=1.0,deflate;q=0.6,identity;q=0.3
      User-Agent:
      - Ruby
      Host:
      - api.iterable.com
  response:
    status:
      code: 201
      message: Created
    headers:
      Date:
      - Sat, 01 Jun 2019 02:51:09 GMT
      Content-Type:
      - application/json
      Content-Length:
      - '147'
      Connection:
      - keep-alive
      Server:
      - openresty/1.13.6.2
      Vary:
      - Origin,Accept-Encoding
      Request-Time:
      - '3817'
    body:
      encoding: ASCII-8BIT
      string: '{"msg":"","code":"Success","params":{"id":1017,"name":"example-catalog","url":"/api/catalogs/example-catalog?api_key=<ITERABLE_TOKEN>"}}'
    http_version: 
  recorded_at: Sat, 01 Jun 2019 02:51:09 GMT
- request:
    method: patch
    uri: https://api.iterable.com/api/catalogs/example-catalog/items/123?api_key=<ITERABLE_TOKEN>
    body:
      encoding: UTF-8
      string: '{"update":{"orange":"julius","lemon":"wedge"}}'
    headers:
      Accept:
      - application/json
      Content-Type:
      - application/json
      Accept-Encoding:
      - gzip;q=1.0,deflate;q=0.6,identity;q=0.3
      User-Agent:
      - Ruby
      Host:
      - api.iterable.com
  response:
    status:
      code: 202
      message: Accepted
    headers:
      Date:
      - Sat, 01 Jun 2019 02:51:09 GMT
      Content-Type:
      - application/json
      Content-Length:
      - '156'
      Connection:
      - keep-alive
      Server:
      - openresty/1.13.6.2
      Vary:
      - Origin,Accept-Encoding
      Request-Time:
      - '11'
    body:
      encoding: ASCII-8BIT
      string: '{"msg":"","code":"Success","params":{"catalogName":"example-catalog","itemId":"123","url":"/api/catalogs/example-catalog/items/123?api_key=<ITERABLE_TOKEN>"}}'
    http_version: 
  recorded_at: Sat, 01 Jun 2019 02:51:09 GMT
- request:
    method: get
    uri: https://api.iterable.com/api/catalogs/example-catalog/items/123?api_key=<ITERABLE_TOKEN>
    body:
      encoding: UTF-8
      string: "{}"
    headers:
      Accept:
      - application/json
      Content-Type:
      - application/json
      Accept-Encoding:
      - gzip;q=1.0,deflate;q=0.6,identity;q=0.3
      User-Agent:
      - Ruby
      Host:
      - api.iterable.com
  response:
    status:
      code: 200
      message: OK
    headers:
      Date:
      - Sat, 01 Jun 2019 02:52:09 GMT
      Content-Type:
      - application/json
      Content-Length:
      - '159'
      Connection:
      - keep-alive
      Server:
      - openresty/1.13.6.2
      Vary:
      - Origin,Accept-Encoding
      Request-Time:
      - '9'
    body:
      encoding: ASCII-8BIT
      string: '{"msg":"","code":"Success","params":{"catalogName":"example-catalog","itemId":"123","size":35,"lastModified":1559357469000,"value":{"orange":"julius","lemon":"wedge"}}}'
    http_version: 
  recorded_at: Sat, 01 Jun 2019 02:52:09 GMT
- request:
    method: delete
    uri: https://api.iterable.com/api/catalogs/example-catalog?api_key=<ITERABLE_TOKEN>
    body:
      encoding: UTF-8
      string: "{}"
    headers:
      Accept:
      - application/json
      Content-Type:
      - application/json
      Accept-Encoding:
      - gzip;q=1.0,deflate;q=0.6,identity;q=0.3
      User-Agent:
      - Ruby
      Host:
      - api.iterable.com
  response:
    status:
      code: 200
      message: OK
    headers:
      Date:
      - Sat, 01 Jun 2019 02:52:11 GMT
      Content-Type:
      - application/json
      Content-Length:
      - '96'
      Connection:
      - keep-alive
      Server:
      - openresty/1.13.6.2
      Vary:
      - Origin,Accept-Encoding
      Request-Time:
      - '943'
    body:
      encoding: ASCII-8BIT
      string: '{"msg":"Successfully deleted catalog example-catalog","code":"Success","params":null}'
    http_version: 
  recorded_at: Sat, 01 Jun 2019 02:52:11 GMT
recorded_with: VCR 3.0.3
