---
http_interactions:
- request:
    method: post
    uri: https://api.iterable.com/api/catalogs/example-catalog?api_key=<ITERABLE_TOKEN>
    body:
      encoding: UTF-8
      string: "{}"
    headers:
      Accept:
      - application/json
      Content-Type:
      - application/json
      Accept-Encoding:
      - gzip;q=1.0,deflate;q=0.6,identity;q=0.3
      User-Agent:
      - Ruby
      Host:
      - api.iterable.com
  response:
    status:
      code: 201
      message: Created
    headers:
      Date:
      - Sat, 01 Jun 2019 02:11:13 GMT
      Content-Type:
      - application/json
      Content-Length:
      - '145'
      Connection:
      - keep-alive
      Server:
      - openresty/1.13.6.2
      Vary:
      - Origin,Accept-Encoding
      Request-Time:
      - '3593'
    body:
      encoding: ASCII-8BIT
      string: '{"msg":"","code":"Success","params":{"id":989,"name":"example-catalog","url":"/api/catalogs/example-catalog?api_key=<ITERABLE_TOKEN>"}}'
    http_version: 
  recorded_at: Sat, 01 Jun 2019 02:11:13 GMT
- request:
    method: patch
    uri: https://api.iterable.com/api/catalogs/example-catalog/items/123?api_key=<ITERABLE_TOKEN>
    body:
      encoding: UTF-8
      string: '{"foo":"bar"}'
    headers:
      Accept:
      - application/json
      Content-Type:
      - application/json
      Accept-Encoding:
      - gzip;q=1.0,deflate;q=0.6,identity;q=0.3
      User-Agent:
      - Ruby
      Host:
      - api.iterable.com
  response:
    status:
      code: 400
      message: Bad Request
    headers:
      Date:
      - Sat, 01 Jun 2019 02:11:13 GMT
      Content-Type:
      - text/plain; charset=utf-8
      Content-Length:
      - '103'
      Connection:
      - keep-alive
      Server:
      - openresty/1.13.6.2
      Vary:
      - Origin,Accept-Encoding
      Request-Time:
      - '6'
    body:
      encoding: ASCII-8BIT
      string: |-
        Json error: {"obj.update":[{"msg":["error.path.missing"],"args":[]}]}
         {"foo":"bar"}
    http_version: 
  recorded_at: Sat, 01 Jun 2019 02:11:13 GMT
- request:
    method: delete
    uri: https://api.iterable.com/api/catalogs/example-catalog/items/123?api_key=<ITERABLE_TOKEN>
    body:
      encoding: UTF-8
      string: "{}"
    headers:
      Accept:
      - application/json
      Content-Type:
      - application/json
      Accept-Encoding:
      - gzip;q=1.0,deflate;q=0.6,identity;q=0.3
      User-Agent:
      - Ruby
      Host:
      - api.iterable.com
  response:
    status:
      code: 202
      message: Accepted
    headers:
      Date:
      - Sat, 01 Jun 2019 02:11:14 GMT
      Content-Type:
      - application/json
      Content-Length:
      - '122'
      Connection:
      - keep-alive
      Server:
      - openresty/1.13.6.2
      Vary:
      - Origin,Accept-Encoding
      Request-Time:
      - '4'
    body:
      encoding: ASCII-8BIT
      string: '{"msg":"Received request to deleted item ID 123 from catalog example-catalog","code":"Success","params":null}'
    http_version: 
  recorded_at: Sat, 01 Jun 2019 02:11:14 GMT
- request:
    method: delete
    uri: https://api.iterable.com/api/catalogs/example-catalog?api_key=<ITERABLE_TOKEN>
    body:
      encoding: UTF-8
      string: "{}"
    headers:
      Accept:
      - application/json
      Content-Type:
      - application/json
      Accept-Encoding:
      - gzip;q=1.0,deflate;q=0.6,identity;q=0.3
      User-Agent:
      - Ruby
      Host:
      - api.iterable.com
  response:
    status:
      code: 200
      message: OK
    headers:
      Date:
      - Sat, 01 Jun 2019 02:11:15 GMT
      Content-Type:
      - application/json
      Content-Length:
      - '96'
      Connection:
      - keep-alive
      Server:
      - openresty/1.13.6.2
      Vary:
      - Origin,Accept-Encoding
      Request-Time:
      - '872'
    body:
      encoding: ASCII-8BIT
      string: '{"msg":"Successfully deleted catalog example-catalog","code":"Success","params":null}'
    http_version: 
  recorded_at: Sat, 01 Jun 2019 02:11:15 GMT
recorded_with: VCR 3.0.3
